
Flow Record: 
  RecordCount  =                 1
  Flags        =              0x00 FLOW, Unsampled
  Elements     =                 0: 
  size         =                12
  engine type  =                 0
  engine ID    =                 0
  export sysid =                 0

Flow Record: 
  RecordCount  =                 2
  Flags        =              0x00 FLOW, Unsampled
  Elements     =                 1: 1 
  size         =                64
  engine type  =                20
  engine ID    =                 1
  export sysid =                 0
  first        =     1562833800010 [2019-07-11 10:30:00.010]
  last         =     1562833800030 [2019-07-11 10:30:00.030]
  received at  =     1562833799031 [2019-07-11 10:29:59.031]
  proto        =                 6 TCP
  tcp flags    =              0x02 ......S.
  src port     =             12345
  dst port     =               443
  src tos      =                 3
  fwd status   =                 1
  in packets   =                 2
  in bytes     =              1246

Flow Record: 
  RecordCount  =                 3
  Flags        =              0x00 FLOW, Unsampled
  Elements     =                 2: 1 2 
  size         =                76
  engine type  =                30
  engine ID    =                 2
  export sysid =                 0
  first        =     1562833810110 [2019-07-11 10:30:10.110]
  last         =     1562833810140 [2019-07-11 10:30:10.140]
  received at  =     1562833809141 [2019-07-11 10:30:09.141]
  proto        =                 6 TCP
  tcp flags    =              0x02 ......S.
  src port     =             12355
  dst port     =               454
  src tos      =                 3
  fwd status   =                 1
  in packets   =                 3
  in bytes     =              2270
  src addr     =       172.16.1.66
  dst addr     =   192.168.170.100

Flow Record: 
  RecordCount  =                 4
  Flags        =              0x01 EVENT, Unsampled
  Elements     =                 3: 1 2 3 
  size         =               112
  engine type  =                40
  engine ID    =                 3
  export sysid =                 0
  Event time   =     1562833820210 [2019-07-11 10:30:20.210]
  received at  =     1562833819251 [2019-07-11 10:30:19.251]
  proto        =                 6 TCP
  tcp flags    =              0x02 ......S.
  src port     =             12365
  dst port     =               465
  src tos      =                 3
  fwd status   =                 1
  in packets   =                 4
  in bytes     =              3294
  src addr     =       172.16.1.66
  dst addr     =   192.168.170.100
  src addr     =  fe80::2110:abcd:1234:0
  dst addr     =  fe80::2110:abcd:1235:4321

Flow Record: 
  RecordCount  =                 5
  Flags        =              0x00 FLOW, Unsampled
  Elements     =                 3: 1 2 3 4 
  size         =                96
  engine type  =                60
  engine ID    =                 5
  export sysid =                 0
  first        =     1562833840410 [2019-07-11 10:30:40.410]
  last         =     1562833840470 [2019-07-11 10:30:40.470]
  received at  =     1562833839471 [2019-07-11 10:30:39.471]
  proto        =                 6 TCP
  tcp flags    =              0x02 ......S.
  src port     =                90
  dst port     =             22233
  src tos      =                 3
  fwd status   =                 1
  in packets   =                 6
  in bytes     =              5342
  src addr     =       172.16.2.66
  dst addr     =   192.168.170.101
  src addr     =  fe80::2110:abcd:1234:0
  dst addr     =  fe80::2110:abcd:1235:4321
  input        =               100
  output       =               200
  src mask     =                16 172.16.0.0/16
  dst mask     =                24 192.168.170.0/24
  dst tos      =                 4
  direction    =                 1
  biFlow Dir   =              0x00 
  end reason   =              0x00 
  IPfrag flags =              0x00      

Flow Record: 
  RecordCount  =                 6
  Flags        =              0x00 FLOW, Unsampled
  Elements     =                 3: 1 2 3 4 
  size         =                96
  engine type  =                60
  engine ID    =                 5
  export sysid =                 0
  first        =     1562833841410 [2019-07-11 10:30:41.410]
  last         =     1562833841470 [2019-07-11 10:30:41.470]
  received at  =     1562833839471 [2019-07-11 10:30:39.471]
  proto        =                 6 TCP
  tcp flags    =              0x10 ...A....
  src port     =                90
  dst port     =             22233
  src tos      =                 3
  fwd status   =                 1
  in packets   =                16
  in bytes     =              6366
  src addr     =       172.16.2.66
  dst addr     =   192.168.170.101
  src addr     =  fe80::2110:abcd:1234:0
  dst addr     =  fe80::2110:abcd:1235:4321
  input        =               100
  output       =               200
  src mask     =                16 172.16.0.0/16
  dst mask     =                24 192.168.170.0/24
  dst tos      =                 4
  direction    =                 1
  biFlow Dir   =              0x00 
  end reason   =              0x00 
  IPfrag flags =              0x00      

Flow Record: 
  RecordCount  =                 7
  Flags        =              0x00 FLOW, Unsampled
  Elements     =                 3: 1 2 3 4 
  size         =                96
  engine type  =                60
  engine ID    =                 5
  export sysid =                 0
  first        =     1562833842410 [2019-07-11 10:30:42.410]
  last         =     1562833842470 [2019-07-11 10:30:42.470]
  received at  =     1562833839471 [2019-07-11 10:30:39.471]
  proto        =                 6 TCP
  tcp flags    =              0x01 .......F
  src port     =                90
  dst port     =             22233
  src tos      =                 3
  fwd status   =                 1
  in packets   =                26
  in bytes     =              7390
  src addr     =       172.16.2.66
  dst addr     =   192.168.170.101
  src addr     =  fe80::2110:abcd:1234:0
  dst addr     =  fe80::2110:abcd:1235:4321
  input        =               100
  output       =               200
  src mask     =                16 172.16.0.0/16
  dst mask     =                24 192.168.170.0/24
  dst tos      =                 4
  direction    =                 1
  biFlow Dir   =              0x00 
  end reason   =              0x00 
  IPfrag flags =              0x00      

Flow Record: 
  RecordCount  =                 8
  Flags        =              0x00 FLOW, Unsampled
  Elements     =                 3: 1 2 3 4 
  size         =                96
  engine type  =                60
  engine ID    =                 5
  export sysid =                 0
  first        =     1562833842411 [2019-07-11 10:30:42.411]
  last         =     1562833842471 [2019-07-11 10:30:42.471]
  received at  =     1562833839471 [2019-07-11 10:30:39.471]
  proto        =                 6 TCP
  tcp flags    =              0x12 ...A..S.
  src port     =             22222
  dst port     =                80
  src tos      =                 3
  fwd status   =                 1
  in packets   =                10
  in bytes     =              1024
  src addr     =   192.168.170.101
  dst addr     =       172.16.2.66
  src addr     =  fe80::2110:abcd:1234:0
  dst addr     =  fe80::2110:abcd:1235:4321
  input        =               200
  output       =               100
  src mask     =                24 192.168.170.0/24
  dst mask     =                16 172.16.0.0/16
  dst tos      =                 4
  direction    =                 2
  biFlow Dir   =              0x00 
  end reason   =              0x00 
  IPfrag flags =              0x00      

Flow Record: 
  RecordCount  =                 9
  Flags        =              0x00 FLOW, Unsampled
  Elements     =                 3: 1 2 3 4 
  size         =                96
  engine type  =                60
  engine ID    =                 5
  export sysid =                 0
  first        =     1562833843411 [2019-07-11 10:30:43.411]
  last         =     1562833843471 [2019-07-11 10:30:43.471]
  received at  =     1562833839471 [2019-07-11 10:30:39.471]
  proto        =                 6 TCP
  tcp flags    =              0x10 ...A....
  src port     =             22222
  dst port     =                80
  src tos      =                 3
  fwd status   =                 1
  in packets   =                20
  in bytes     =              2048
  src addr     =   192.168.170.101
  dst addr     =       172.16.2.66
  src addr     =  fe80::2110:abcd:1234:0
  dst addr     =  fe80::2110:abcd:1235:4321
  input        =               200
  output       =               100
  src mask     =                24 192.168.170.0/24
  dst mask     =                16 172.16.0.0/16
  dst tos      =                 4
  direction    =                 2
  biFlow Dir   =              0x00 
  end reason   =              0x00 
  IPfrag flags =              0x00      

Flow Record: 
  RecordCount  =                10
  Flags        =              0x00 FLOW, Unsampled
  Elements     =                 3: 1 2 3 4 
  size         =                96
  engine type  =                60
  engine ID    =                 5
  export sysid =                 0
  first        =     1562833844411 [2019-07-11 10:30:44.411]
  last         =     1562833844471 [2019-07-11 10:30:44.471]
  received at  =     1562833839471 [2019-07-11 10:30:39.471]
  proto        =                 6 TCP
  tcp flags    =              0x01 .......F
  src port     =             22222
  dst port     =                80
  src tos      =                 3
  fwd status   =                 1
  in packets   =                30
  in bytes     =              3072
  src addr     =   192.168.170.101
  dst addr     =       172.16.2.66
  src addr     =  fe80::2110:abcd:1234:0
  dst addr     =  fe80::2110:abcd:1235:4321
  input        =               200
  output       =               100
  src mask     =                24 192.168.170.0/24
  dst mask     =                16 172.16.0.0/16
  dst tos      =                 4
  direction    =                 2
  biFlow Dir   =              0x00 
  end reason   =              0x00 
  IPfrag flags =              0x00      

Flow Record: 
  RecordCount  =                11
  Flags        =              0x00 FLOW, Unsampled
  Elements     =                 4: 1 2 3 4 5 
  size         =               124
  engine type  =                80
  engine ID    =                 7
  export sysid =                 0
  first        =     1562833860610 [2019-07-11 10:31:00.610]
  last         =     1562833860690 [2019-07-11 10:31:00.690]
  received at  =     1562833859691 [2019-07-11 10:30:59.691]
  proto        =                 6 TCP
  tcp flags    =              0x02 ......S.
  src port     =             22242
  dst port     =               102
  src tos      =                 3
  fwd status   =                 1
  in packets   =                32
  in bytes     =              5120
  src addr     =    72.138.170.101
  dst addr     =        42.16.32.6
  src addr     =  fe80::2110:abcd:1234:0
  dst addr     =  fe80::2110:abcd:1235:4321
  input        =               200
  output       =               100
  src mask     =                24 72.138.170.0/24
  dst mask     =                16 42.16.0.0/16
  dst tos      =                 4
  direction    =                 2
  biFlow Dir   =              0x00 
  end reason   =              0x00 
  IPfrag flags =              0x00      
  out packets  =               203
  out bytes    =               204
  aggr flows   =                 7

Flow Record: 
  RecordCount  =                12
  Flags        =              0x00 FLOW, Unsampled
  Elements     =                 5: 1 2 3 4 5 6 
  size         =               136
  engine type  =                90
  engine ID    =                 8
  export sysid =                 0
  first        =     1562833870710 [2019-07-11 10:31:10.710]
  last         =     1562833870800 [2019-07-11 10:31:10.800]
  received at  =     1562833869801 [2019-07-11 10:31:09.801]
  proto        =                 6 TCP
  tcp flags    =              0x03 ......SF
  src port     =             22252
  dst port     =               113
  src tos      =                 3
  fwd status   =                 1
  in packets   =                33
  in bytes     =              6144
  src addr     =    72.138.170.101
  dst addr     =        42.16.32.6
  src addr     =  fe80::2110:abcd:1234:0
  dst addr     =  fe80::2110:abcd:1235:4321
  input        =               200
  output       =               100
  src mask     =                24 72.138.170.0/24
  dst mask     =                16 42.16.0.0/16
  dst tos      =                 4
  direction    =                 2
  biFlow Dir   =              0x00 
  end reason   =              0x00 
  IPfrag flags =              0x00      
  out packets  =               203
  out bytes    =               204
  aggr flows   =                 7
  src vlan     =                45
  dst vlan     =                46

Flow Record: 
  RecordCount  =                13
  Flags        =              0x00 FLOW, Unsampled
  Elements     =                 6: 1 2 3 4 5 6 7 
  size         =               148
  engine type  =               100
  engine ID    =                 9
  export sysid =                 0
  first        =     1562833880810 [2019-07-11 10:31:20.810]
  last         =     1562833880910 [2019-07-11 10:31:20.910]
  received at  =     1562833879911 [2019-07-11 10:31:19.911]
  proto        =                 6 TCP
  tcp flags    =              0x04 .....R..
  src port     =             22262
  dst port     =               124
  src tos      =                 3
  fwd status   =                 1
  in packets   =                34
  in bytes     =              7168
  src addr     =    72.138.170.101
  dst addr     =        42.16.32.6
  src addr     =  fe80::2110:abcd:1234:0
  dst addr     =  fe80::2110:abcd:1235:4321
  input        =               200
  output       =               100
  src mask     =                24 72.138.170.0/24
  dst mask     =                16 42.16.0.0/16
  dst tos      =                 4
  direction    =                 2
  biFlow Dir   =              0x00 
  end reason   =              0x00 
  IPfrag flags =              0x00      
  out packets  =               203
  out bytes    =               204
  aggr flows   =                 7
  src vlan     =                45
  dst vlan     =                46
  src as       =               775
  dst as       =              3303

Flow Record: 
  RecordCount  =                14
  Flags        =              0x00 FLOW, Unsampled
  Elements     =                 7: 1 2 3 4 5 6 7 10 
  size         =               156
  engine type  =               110
  engine ID    =                10
  export sysid =                 0
  first        =     1562833890910 [2019-07-11 10:31:30.910]
  last         =     1562833891020 [2019-07-11 10:31:31.020]
  received at  =     1562833890021 [2019-07-11 10:31:30.021]
  proto        =                 6 TCP
  tcp flags    =              0x05 .....R.F
  src port     =             22272
  dst port     =               135
  src tos      =                 3
  fwd status   =                 1
  in packets   =                35
  in bytes     =              8192
  src addr     =    72.138.170.101
  dst addr     =        42.16.32.6
  src addr     =  fe80::2110:abcd:1234:0
  dst addr     =  fe80::2110:abcd:1235:4321
  input        =               200
  output       =               100
  src mask     =                24 72.138.170.0/24
  dst mask     =                16 42.16.0.0/16
  dst tos      =                 4
  direction    =                 2
  biFlow Dir   =              0x00 
  end reason   =              0x00 
  IPfrag flags =              0x00      
  out packets  =               203
  out bytes    =               204
  aggr flows   =                 7
  src vlan     =                45
  dst vlan     =                46
  src as       =               775
  dst as       =              3303
  ip next hop  =           0.0.0.0

Flow Record: 
  RecordCount  =                15
  Flags        =              0x00 FLOW, Unsampled
  Elements     =                 8: 1 2 3 4 5 6 7 8 10 
  size         =               164
  engine type  =               120
  engine ID    =                11
  export sysid =                 0
  first        =     1562833900010 [2019-07-11 10:31:40.010]
  last         =     1562833900130 [2019-07-11 10:31:40.130]
  received at  =     1562833899131 [2019-07-11 10:31:39.131]
  proto        =                 6 TCP
  tcp flags    =              0x06 .....RS.
  src port     =             22282
  dst port     =               146
  src tos      =                 3
  fwd status   =                 1
  in packets   =                36
  in bytes     =              9216
  src addr     =    72.138.170.101
  dst addr     =        42.16.32.6
  src addr     =  fe80::2110:abcd:1234:0
  dst addr     =  fe80::2110:abcd:1235:4321
  input        =               200
  output       =               100
  src mask     =                24 72.138.170.0/24
  dst mask     =                16 42.16.0.0/16
  dst tos      =                 4
  direction    =                 2
  biFlow Dir   =              0x00 
  end reason   =              0x00 
  IPfrag flags =              0x00      
  out packets  =               203
  out bytes    =               204
  aggr flows   =                 7
  src vlan     =                45
  dst vlan     =                46
  src as       =               775
  dst as       =              3303
  bgp next hop =           0.0.0.0
  ip next hop  =           0.0.0.0

Flow Record: 
  RecordCount  =                16
  Flags        =              0x00 FLOW, Unsampled
  Elements     =                 9: 1 2 3 4 5 6 7 8 10 12 
  size         =               172
  engine type  =               130
  engine ID    =                12
  export sysid =                 0
  first        =     1562833910110 [2019-07-11 10:31:50.110]
  last         =     1562833910240 [2019-07-11 10:31:50.240]
  received at  =     1562833909241 [2019-07-11 10:31:49.241]
  proto        =                 6 TCP
  tcp flags    =              0x07 .....RSF
  src port     =             22292
  dst port     =               157
  src tos      =                 3
  fwd status   =                 1
  in packets   =                37
  in bytes     =             10240
  src addr     =    72.138.170.101
  dst addr     =        42.16.32.6
  src addr     =  fe80::2110:abcd:1234:0
  dst addr     =  fe80::2110:abcd:1235:4321
  input        =               200
  output       =               100
  src mask     =                24 72.138.170.0/24
  dst mask     =                16 42.16.0.0/16
  dst tos      =                 4
  direction    =                 2
  biFlow Dir   =              0x00 
  end reason   =              0x00 
  IPfrag flags =              0x00      
  out packets  =               203
  out bytes    =               204
  aggr flows   =                 7
  src vlan     =                45
  dst vlan     =                46
  src as       =               775
  dst as       =              3303
  bgp next hop =           0.0.0.0
  ip next hop  =           0.0.0.0
  ip exporter  =           0.0.0.0

Flow Record: 
  RecordCount  =                17
  Flags        =              0x00 FLOW, Unsampled
  Elements     =                10: 1 2 3 4 5 6 7 8 10 12 14 
  size         =               216
  engine type  =               140
  engine ID    =                13
  export sysid =                 0
  first        =     1562833920210 [2019-07-11 10:32:00.210]
  last         =     1562833920350 [2019-07-11 10:32:00.350]
  received at  =     1562833919351 [2019-07-11 10:31:59.351]
  proto        =                 6 TCP
  tcp flags    =              0x08 ....P...
  src port     =             22302
  dst port     =               168
  src tos      =                 3
  fwd status   =                 1
  in packets   =                38
  in bytes     =             11264
  src addr     =    72.138.170.101
  dst addr     =        42.16.32.6
  src addr     =  fe80::2110:abcd:1234:0
  dst addr     =  fe80::2110:abcd:1235:4321
  input        =               200
  output       =               100
  src mask     =                24 72.138.170.0/24
  dst mask     =                16 42.16.0.0/16
  dst tos      =                 4
  direction    =                 2
  biFlow Dir   =              0x00 
  end reason   =              0x00 
  IPfrag flags =              0x00      
  out packets  =               203
  out bytes    =               204
  aggr flows   =                 7
  src vlan     =                45
  dst vlan     =                46
  src as       =               775
  dst as       =              3303
  bgp next hop =           0.0.0.0
  ip next hop  =           0.0.0.0
  ip exporter  =           0.0.0.0
  MPLS Lbl  1  =          1010-0-0
  MPLS Lbl  2  =          2020-0-0
  MPLS Lbl  3  =          3030-0-0
  MPLS Lbl  4  =          4040-0-0
  MPLS Lbl  5  =          5050-0-0
  MPLS Lbl  6  =          6060-0-0
  MPLS Lbl  7  =          7070-0-0
  MPLS Lbl  8  =          8080-0-0
  MPLS Lbl  9  =          9090-0-0
  MPLS Lbl 10  =        100100-0-1

Flow Record: 
  RecordCount  =                18
  Flags        =              0x00 FLOW, Unsampled
  Elements     =                11: 1 2 3 4 5 6 7 8 10 12 14 15 
  size         =               252
  engine type  =               150
  engine ID    =                14
  export sysid =                 0
  first        =     1562833930310 [2019-07-11 10:32:10.310]
  last         =     1562833930460 [2019-07-11 10:32:10.460]
  received at  =     1562833929461 [2019-07-11 10:32:09.461]
  proto        =                 6 TCP
  tcp flags    =              0x09 ....P..F
  src port     =             22312
  dst port     =               179
  src tos      =                 3
  fwd status   =                 1
  in packets   =                39
  in bytes     =             12288
  src addr     =    72.138.170.101
  dst addr     =        42.16.32.6
  src addr     =  fe80::2110:abcd:1234:0
  dst addr     =  fe80::2110:abcd:1235:4321
  input        =               200
  output       =               100
  src mask     =                24 72.138.170.0/24
  dst mask     =                16 42.16.0.0/16
  dst tos      =                 4
  direction    =                 2
  biFlow Dir   =              0x00 
  end reason   =              0x00 
  IPfrag flags =              0x00      
  out packets  =               203
  out bytes    =               204
  aggr flows   =                 7
  src vlan     =                45
  dst vlan     =                46
  src as       =               775
  dst as       =              3303
  bgp next hop =           0.0.0.0
  ip next hop  =           0.0.0.0
  ip exporter  =           0.0.0.0
  MPLS Lbl  1  =          1010-0-0
  MPLS Lbl  2  =          2020-0-0
  MPLS Lbl  3  =          3030-0-0
  MPLS Lbl  4  =          4040-0-0
  MPLS Lbl  5  =          5050-0-0
  MPLS Lbl  6  =          6060-0-0
  MPLS Lbl  7  =          7070-0-0
  MPLS Lbl  8  =          8080-0-0
  MPLS Lbl  9  =          9090-0-0
  MPLS Lbl 10  =        100100-0-1
  in src mac   = 12:34:56:78:90:aa
  out dst mac  = 2f:ee:dd:cc:bb:ab
  in dst mac   = 3a:ee:dd:cc:bb:fc
  out src mac  = 4a:34:56:78:90:0d

Flow Record: 
  RecordCount  =                19
  Flags        =              0x00 FLOW, Unsampled
  Elements     =                12: 1 2 3 4 5 6 7 8 10 12 14 15 16 
  size         =               264
  engine type  =               160
  engine ID    =                15
  export sysid =                 0
  first        =     1562833940410 [2019-07-11 10:32:20.410]
  last         =     1562833940570 [2019-07-11 10:32:20.570]
  received at  =     1562833939571 [2019-07-11 10:32:19.571]
  proto        =                 6 TCP
  tcp flags    =              0x0a ....P.S.
  src port     =             22322
  dst port     =               190
  src tos      =                 3
  fwd status   =                 1
  in packets   =                40
  in bytes     =             13312
  src addr     =    72.138.170.101
  dst addr     =        42.16.32.6
  src addr     =  fe80::2110:abcd:1234:0
  dst addr     =  fe80::2110:abcd:1235:4321
  input        =               200
  output       =               100
  src mask     =                24 72.138.170.0/24
  dst mask     =                16 42.16.0.0/16
  dst tos      =                 4
  direction    =                 2
  biFlow Dir   =              0x00 
  end reason   =              0x00 
  IPfrag flags =              0x00      
  out packets  =               203
  out bytes    =               204
  aggr flows   =                 7
  src vlan     =                45
  dst vlan     =                46
  src as       =               775
  dst as       =              3303
  bgp next hop =           0.0.0.0
  ip next hop  =           0.0.0.0
  ip exporter  =           0.0.0.0
  MPLS Lbl  1  =          1010-0-0
  MPLS Lbl  2  =          2020-0-0
  MPLS Lbl  3  =          3030-0-0
  MPLS Lbl  4  =          4040-0-0
  MPLS Lbl  5  =          5050-0-0
  MPLS Lbl  6  =          6060-0-0
  MPLS Lbl  7  =          7070-0-0
  MPLS Lbl  8  =          8080-0-0
  MPLS Lbl  9  =          9090-0-0
  MPLS Lbl 10  =        100100-0-1
  in src mac   = 12:34:56:78:90:aa
  out dst mac  = 2f:ee:dd:cc:bb:ab
  in dst mac   = 3a:ee:dd:cc:bb:fc
  out src mac  = 4a:34:56:78:90:0d
  bgp next as  =              7751
  bgp prev as  =             33032

Flow Record: 
  RecordCount  =                20
  Flags        =              0x00 FLOW, Unsampled
  Elements     =                13: 1 2 3 4 5 6 7 8 10 12 14 15 16 17 
  size         =               292
  engine type  =               170
  engine ID    =                16
  export sysid =                 0
  first        =     1562833950510 [2019-07-11 10:32:30.510]
  last         =     1562833950680 [2019-07-11 10:32:30.680]
  received at  =     1562833949681 [2019-07-11 10:32:29.681]
  proto        =                 6 TCP
  tcp flags    =              0x0b ....P.SF
  src port     =             22332
  dst port     =               201
  src tos      =                 3
  fwd status   =                 1
  in packets   =                41
  in bytes     =             14336
  src addr     =    72.138.170.101
  dst addr     =        42.16.32.6
  src addr     =  fe80::2110:abcd:1234:0
  dst addr     =  fe80::2110:abcd:1235:4321
  input        =               200
  output       =               100
  src mask     =                24 72.138.170.0/24
  dst mask     =                16 42.16.0.0/16
  dst tos      =                 4
  direction    =                 2
  biFlow Dir   =              0x00 
  end reason   =              0x00 
  IPfrag flags =              0x00      
  out packets  =               203
  out bytes    =               204
  aggr flows   =                 7
  src vlan     =                45
  dst vlan     =                46
  src as       =               775
  dst as       =              3303
  bgp next hop =           0.0.0.0
  ip next hop  =           0.0.0.0
  ip exporter  =           0.0.0.0
  MPLS Lbl  1  =          1010-0-0
  MPLS Lbl  2  =          2020-0-0
  MPLS Lbl  3  =          3030-0-0
  MPLS Lbl  4  =          4040-0-0
  MPLS Lbl  5  =          5050-0-0
  MPLS Lbl  6  =          6060-0-0
  MPLS Lbl  7  =          7070-0-0
  MPLS Lbl  8  =          8080-0-0
  MPLS Lbl  9  =          9090-0-0
  MPLS Lbl 10  =        100100-0-1
  in src mac   = 12:34:56:78:90:aa
  out dst mac  = 2f:ee:dd:cc:bb:ab
  in dst mac   = 3a:ee:dd:cc:bb:fc
  out src mac  = 4a:34:56:78:90:0d
  bgp next as  =              7751
  bgp prev as  =             33032
  cli latency  =             0.002 ms
  srv latency  =             0.022 ms
  app latency  =             0.222 ms
